=== k=8 bounds=on memo=on
target_k=8
under_target_hits=0
target_size_hits=0
total_survivors=0
unique_states=31517
runtime_seconds=4.04
=== k=9 bounds=on memo=on
target_k=9
under_target_hits=0
target_size_hits=0
total_survivors=0
unique_states=89125
runtime_seconds=13.36
=== k=10 bounds=on memo=on
target_k=10
under_target_hits=0
target_size_hits=0
total_survivors=0
unique_states=256231
runtime_seconds=41.64
=== k=11 bounds=on memo=on
target_k=11
under_target_hits=0
target_size_hits=0
total_survivors=0
unique_states=742893
runtime_seconds=126.42
=== k=12 bounds=on memo=on
target_k=12
under_target_hits=0
target_size_hits=0
total_survivors=0
unique_states=2152260
runtime_seconds=307.34
