=== k=5 bounds=on memo=off
python=3.12.14 bounds=on memo=off
mode=up_to_k
target_k=5
under_target_hits=0
target_size_hits=0
total_survivors=0
unique_states=1421
runtime_seconds=0.08
=== k=5 bounds=on memo=on
python=3.12.14 bounds=on memo=on
mode=up_to_k
target_k=5
under_target_hits=0
target_size_hits=0
total_survivors=0
unique_states=1357
runtime_seconds=0.08
=== k=8 bounds=on memo=off
python=3.12.14 bounds=on memo=off
mode=up_to_k
target_k=8
under_target_hits=0
target_size_hits=0
total_survivors=0
unique_states=35530
runtime_seconds=3.34
=== k=8 bounds=on memo=on
python=3.12.14 bounds=on memo=on
mode=up_to_k
target_k=8
under_target_hits=0
target_size_hits=0
total_survivors=0
unique_states=31517
runtime_seconds=3.03
=== k=9 bounds=on memo=off
python=3.12.14 bounds=on memo=off
mode=up_to_k
target_k=9
under_target_hits=0
target_size_hits=0
total_survivors=0
unique_states=104399
runtime_seconds=10.89
=== k=9 bounds=on memo=on
python=3.12.14 bounds=on memo=on
mode=up_to_k
target_k=9
under_target_hits=0
target_size_hits=0
total_survivors=0
unique_states=89125
runtime_seconds=9.44
=== k=10 bounds=on memo=off
python=3.12.14 bounds=on memo=off
mode=up_to_k
target_k=10
under_target_hits=0
target_size_hits=0
total_survivors=0
unique_states=309500
runtime_seconds=37.17
=== k=10 bounds=on memo=on
python=3.12.14 bounds=on memo=on
mode=up_to_k
target_k=10
under_target_hits=0
target_size_hits=0
total_survivors=0
unique_states=256231
runtime_seconds=32.53
